Reusing configuration cache.
Configuration cache entry reused.
